
> call cleanup.cmd  1>nul 2>&1

> meta-analytics --new-workspace MetaAnalyticsCliIntegrationWorkspace
OK: Created MetaAnalyticsCliIntegrationWorkspace

> pushd MetaAnalyticsCliIntegrationWorkspace

> meta-analytics add-model --id Commerce --name Commerce --default-culture en-US
OK: Added Commerce to AnalyticsModel

> meta-analytics add-data-source --id Warehouse --model Commerce --name Warehouse --provider SqlServer --connection-reference COMMERCE_DW --source-kind Relational
OK: Added Warehouse to DataSource

> meta-analytics add-table --id Date --model Commerce --name Date --kind Dimension --data-category Time
OK: Added Date to Table

> meta-analytics add-attribute --id DateKey --table Date --name DateKey --data-type-id meta:type:Int32 --is-key true --is-hidden true
OK: Added DateKey to Attribute

> meta-analytics add-attribute --id CalendarDate --table Date --name CalendarDate --data-type-id meta:type:Date
OK: Added CalendarDate to Attribute

> meta-analytics add-attribute --id CalendarYear --table Date --name CalendarYear --data-type-id meta:type:Int32
OK: Added CalendarYear to Attribute

> meta-analytics add-hierarchy --id Calendar --table Date --name Calendar
OK: Added Calendar to Hierarchy

> meta-analytics add-hierarchy-level --id CalendarYearLevel --hierarchy Calendar --attribute CalendarYear --name Year
OK: Added CalendarYearLevel to HierarchyLevel

> meta-analytics add-hierarchy-level --id CalendarDateLevel --hierarchy Calendar --attribute CalendarDate --name Date
OK: Added CalendarDateLevel to HierarchyLevel

> meta-analytics add-table --id Customer --model Commerce --name Customer --kind Dimension --data-category Customers
OK: Added Customer to Table

> meta-analytics add-attribute --id CustomerKey --table Customer --name CustomerKey --data-type-id meta:type:Int64 --is-key true --is-hidden true
OK: Added CustomerKey to Attribute

> meta-analytics add-attribute --id CustomerName --table Customer --name CustomerName --data-type-id meta:type:String
OK: Added CustomerName to Attribute

> meta-analytics add-attribute --id CustomerRegion --table Customer --name Region --data-type-id meta:type:String
OK: Added CustomerRegion to Attribute

> meta-analytics add-table --id Sales --model Commerce --name Sales --kind Fact
OK: Added Sales to Table

> meta-analytics add-attribute --id OrderDateKey --table Sales --name OrderDateKey --data-type-id meta:type:Int32 --is-hidden true
OK: Added OrderDateKey to Attribute

> meta-analytics add-attribute --id CustomerSalesKey --table Sales --name CustomerKey --data-type-id meta:type:Int64 --is-hidden true
OK: Added CustomerSalesKey to Attribute

> meta-analytics add-attribute --id SalesAmountColumn --table Sales --name SalesAmount --data-type-id meta:type:Decimal --is-hidden true --summarize-by Sum
OK: Added SalesAmountColumn to Attribute

> meta-analytics add-attribute --id SalesTargetColumn --table Sales --name SalesTarget --data-type-id meta:type:Decimal --is-hidden true --summarize-by Sum
OK: Added SalesTargetColumn to Attribute

> meta-analytics add-relationship --id SalesOrderDate --name OrderDate --role-name OrderDate --relationship-kind Regular --cardinality ManyToOne --from-table Sales --from-attribute OrderDateKey --to-table Date --to-attribute DateKey --is-active true
OK: Added SalesOrderDate to Relationship

> meta-analytics add-relationship --id SalesCustomer --name Customer --role-name Customer --relationship-kind Regular --cardinality ManyToOne --from-table Sales --from-attribute CustomerSalesKey --to-table Customer --to-attribute CustomerKey --is-active true
OK: Added SalesCustomer to Relationship

> meta-analytics add-measure --id SalesAmount --table Sales --source-attribute SalesAmountColumn --name "Sales Amount" --data-type-id meta:type:Decimal --format-string "#,0.00" --display-folder Sales
OK: Added SalesAmount to Measure

> meta-analytics add-aggregation-behavior --id SalesAmountAggregation --measure SalesAmount --function Sum
OK: Added SalesAmountAggregation to AggregationBehavior

> meta-analytics add-measure --id SalesTarget --table Sales --source-attribute SalesTargetColumn --name "Sales Target" --data-type-id meta:type:Decimal --format-string "#,0.00" --display-folder Sales
OK: Added SalesTarget to Measure

> meta-analytics add-aggregation-behavior --id SalesTargetAggregation --measure SalesTarget --function Sum
OK: Added SalesTargetAggregation to AggregationBehavior

> meta-analytics add-perspective --id SalesPerspective --model Commerce --name Sales
OK: Added SalesPerspective to Perspective

> meta-analytics add-perspective-table --id SalesPerspectiveSalesTable --perspective SalesPerspective --table Sales
OK: Added SalesPerspectiveSalesTable to PerspectiveTable

> meta-analytics add-perspective-hierarchy --id SalesPerspectiveCalendar --perspective SalesPerspective --hierarchy Calendar
OK: Added SalesPerspectiveCalendar to PerspectiveHierarchy

> meta-analytics add-perspective-measure --id SalesPerspectiveSalesAmount --perspective SalesPerspective --measure SalesAmount
OK: Added SalesPerspectiveSalesAmount to PerspectiveMeasure

> meta-analytics add-perspective-measure --id SalesPerspectiveSalesTarget --perspective SalesPerspective --measure SalesTarget
OK: Added SalesPerspectiveSalesTarget to PerspectiveMeasure

> meta-analytics add-security-role --id SalesReaders --model Commerce --name SalesReaders --permission Read
OK: Added SalesReaders to SecurityRole

> meta-analytics add-role-member --id SalesReadersGroup --role SalesReaders --member-name CONTOSO\SalesReaders --member-kind WindowsGroup
OK: Added SalesReadersGroup to RoleMember

> meta-analytics add-role-filter --id SalesReadersRegionFilter --role SalesReaders --table Customer --expression-language DAX --expression "Customer[Region] = USERNAME()"
OK: Added SalesReadersRegionFilter to RoleFilter

> meta-analytics add-table-permission --id SalesReadersSalesTablePermission --role SalesReaders --table Sales --metadata-permission Read
OK: Added SalesReadersSalesTablePermission to TablePermission

> meta-analytics add-attribute-permission --id SalesReadersCustomerRegionPermission --role SalesReaders --attribute CustomerRegion --metadata-permission None
OK: Added SalesReadersCustomerRegionPermission to AttributePermission

> meta-analytics add-culture --id svSE --model Commerce --name sv-SE
OK: Added svSE to Culture

> meta-analytics add-table-translation --id svSESalesTable --culture svSE --table Sales --caption Forsaljning
OK: Added svSESalesTable to TableTranslation

> meta-analytics add-measure-translation --id svSESalesAmount --culture svSE --measure SalesAmount --caption Forsaljningsbelopp
OK: Added svSESalesAmount to MeasureTranslation

> meta-analytics add-hierarchy-translation --id svSECalendar --culture svSE --hierarchy Calendar --caption Kalender
OK: Added svSECalendar to HierarchyTranslation

> popd
