
C:\Users\jimmy\Desktop\meta-bi\Samples\Demos\MetaDataWarehouseCliIntegration>call cleanup.cmd  1>nul 2>&1

C:\Users\jimmy\Desktop\meta-bi\Samples\Demos\MetaDataWarehouseCliIntegration>meta-data-warehouse --new-workspace MetaDataWarehouseCliIntegrationWorkspace
OK: Created MetaDataWarehouseCliIntegrationWorkspace

C:\Users\jimmy\Desktop\meta-bi\Samples\Demos\MetaDataWarehouseCliIntegration>pushd MetaDataWarehouseCliIntegrationWorkspace

C:\Users\jimmy\Desktop\meta-bi\Samples\Demos\MetaDataWarehouseCliIntegration\MetaDataWarehouseCliIntegrationWorkspace>meta-data-warehouse add-warehouse --id Commerce --name Commerce
OK: Added Commerce to Warehouse

C:\Users\jimmy\Desktop\meta-bi\Samples\Demos\MetaDataWarehouseCliIntegration\MetaDataWarehouseCliIntegrationWorkspace>meta-data-warehouse add-dimension --id Date --warehouse Commerce --name Date
OK: Added Date to Dimension

C:\Users\jimmy\Desktop\meta-bi\Samples\Demos\MetaDataWarehouseCliIntegration\MetaDataWarehouseCliIntegrationWorkspace>meta-data-warehouse add-dimension-attribute --id CalendarDateKey --dimension Date --name CalendarDateKey --data-type-id meta:type:Int32
OK: Added CalendarDateKey to DimensionAttribute

C:\Users\jimmy\Desktop\meta-bi\Samples\Demos\MetaDataWarehouseCliIntegration\MetaDataWarehouseCliIntegrationWorkspace>meta-data-warehouse add-dimension-attribute --id CalendarDate --dimension Date --name CalendarDate --data-type-id meta:type:Date
OK: Added CalendarDate to DimensionAttribute

C:\Users\jimmy\Desktop\meta-bi\Samples\Demos\MetaDataWarehouseCliIntegration\MetaDataWarehouseCliIntegrationWorkspace>meta-data-warehouse add-dimension-business-key --id DateBusinessKey --dimension Date --name DateBusinessKey
OK: Added DateBusinessKey to DimensionBusinessKey

C:\Users\jimmy\Desktop\meta-bi\Samples\Demos\MetaDataWarehouseCliIntegration\MetaDataWarehouseCliIntegrationWorkspace>meta-data-warehouse add-dimension-business-key-part --id DateBusinessKeyPart --business-key DateBusinessKey --attribute CalendarDateKey
OK: Added DateBusinessKeyPart to DimensionBusinessKeyPart

C:\Users\jimmy\Desktop\meta-bi\Samples\Demos\MetaDataWarehouseCliIntegration\MetaDataWarehouseCliIntegrationWorkspace>meta-data-warehouse add-conformed-dimension --id EnterpriseDate --dimension Date --conformance-name EnterpriseDate
OK: Added EnterpriseDate to ConformedDimension

C:\Users\jimmy\Desktop\meta-bi\Samples\Demos\MetaDataWarehouseCliIntegration\MetaDataWarehouseCliIntegrationWorkspace>meta-data-warehouse add-dimension --id Customer --warehouse Commerce --name Customer
OK: Added Customer to Dimension

C:\Users\jimmy\Desktop\meta-bi\Samples\Demos\MetaDataWarehouseCliIntegration\MetaDataWarehouseCliIntegrationWorkspace>meta-data-warehouse add-dimension-attribute --id CustomerNumber --dimension Customer --name CustomerNumber --data-type-id meta:type:String
OK: Added CustomerNumber to DimensionAttribute

C:\Users\jimmy\Desktop\meta-bi\Samples\Demos\MetaDataWarehouseCliIntegration\MetaDataWarehouseCliIntegrationWorkspace>meta-data-warehouse add-dimension-attribute --id CustomerName --dimension Customer --name CustomerName --data-type-id meta:type:String
OK: Added CustomerName to DimensionAttribute

C:\Users\jimmy\Desktop\meta-bi\Samples\Demos\MetaDataWarehouseCliIntegration\MetaDataWarehouseCliIntegrationWorkspace>meta-data-warehouse add-dimension-attribute --id CustomerTier --dimension Customer --name CustomerTier --data-type-id meta:type:String
OK: Added CustomerTier to DimensionAttribute

C:\Users\jimmy\Desktop\meta-bi\Samples\Demos\MetaDataWarehouseCliIntegration\MetaDataWarehouseCliIntegrationWorkspace>meta-data-warehouse add-dimension-business-key --id CustomerBusinessKey --dimension Customer --name CustomerBusinessKey
OK: Added CustomerBusinessKey to DimensionBusinessKey

C:\Users\jimmy\Desktop\meta-bi\Samples\Demos\MetaDataWarehouseCliIntegration\MetaDataWarehouseCliIntegrationWorkspace>meta-data-warehouse add-dimension-business-key-part --id CustomerBusinessKeyPart --business-key CustomerBusinessKey --attribute CustomerNumber
OK: Added CustomerBusinessKeyPart to DimensionBusinessKeyPart

C:\Users\jimmy\Desktop\meta-bi\Samples\Demos\MetaDataWarehouseCliIntegration\MetaDataWarehouseCliIntegrationWorkspace>meta-data-warehouse add-slowly-changing-dimension --id CustomerHistory --dimension Customer --name CustomerHistory
OK: Added CustomerHistory to SlowlyChangingDimension

C:\Users\jimmy\Desktop\meta-bi\Samples\Demos\MetaDataWarehouseCliIntegration\MetaDataWarehouseCliIntegrationWorkspace>meta-data-warehouse add-type2-dimension-attribute --id CustomerHistoryName --slowly-changing-dimension CustomerHistory --attribute CustomerName
OK: Added CustomerHistoryName to Type2DimensionAttribute

C:\Users\jimmy\Desktop\meta-bi\Samples\Demos\MetaDataWarehouseCliIntegration\MetaDataWarehouseCliIntegrationWorkspace>meta-data-warehouse add-type1-dimension-attribute --id CustomerHistoryTier --slowly-changing-dimension CustomerHistory --attribute CustomerTier
OK: Added CustomerHistoryTier to Type1DimensionAttribute

C:\Users\jimmy\Desktop\meta-bi\Samples\Demos\MetaDataWarehouseCliIntegration\MetaDataWarehouseCliIntegrationWorkspace>meta-data-warehouse add-dimension --id Product --warehouse Commerce --name Product
OK: Added Product to Dimension

C:\Users\jimmy\Desktop\meta-bi\Samples\Demos\MetaDataWarehouseCliIntegration\MetaDataWarehouseCliIntegrationWorkspace>meta-data-warehouse add-dimension-attribute --id ProductNumber --dimension Product --name ProductNumber --data-type-id meta:type:String
OK: Added ProductNumber to DimensionAttribute

C:\Users\jimmy\Desktop\meta-bi\Samples\Demos\MetaDataWarehouseCliIntegration\MetaDataWarehouseCliIntegrationWorkspace>meta-data-warehouse add-dimension-attribute --id ProductName --dimension Product --name ProductName --data-type-id meta:type:String
OK: Added ProductName to DimensionAttribute

C:\Users\jimmy\Desktop\meta-bi\Samples\Demos\MetaDataWarehouseCliIntegration\MetaDataWarehouseCliIntegrationWorkspace>meta-data-warehouse add-dimension-business-key --id ProductBusinessKey --dimension Product --name ProductBusinessKey
OK: Added ProductBusinessKey to DimensionBusinessKey

C:\Users\jimmy\Desktop\meta-bi\Samples\Demos\MetaDataWarehouseCliIntegration\MetaDataWarehouseCliIntegrationWorkspace>meta-data-warehouse add-dimension-business-key-part --id ProductBusinessKeyPart --business-key ProductBusinessKey --attribute ProductNumber
OK: Added ProductBusinessKeyPart to DimensionBusinessKeyPart

C:\Users\jimmy\Desktop\meta-bi\Samples\Demos\MetaDataWarehouseCliIntegration\MetaDataWarehouseCliIntegrationWorkspace>meta-data-warehouse add-fact --id SalesOrder --warehouse Commerce --name SalesOrder
OK: Added SalesOrder to Fact

C:\Users\jimmy\Desktop\meta-bi\Samples\Demos\MetaDataWarehouseCliIntegration\MetaDataWarehouseCliIntegrationWorkspace>meta-data-warehouse add-transaction-fact --id SalesOrderTransaction --fact SalesOrder
OK: Added SalesOrderTransaction to TransactionFact

C:\Users\jimmy\Desktop\meta-bi\Samples\Demos\MetaDataWarehouseCliIntegration\MetaDataWarehouseCliIntegrationWorkspace>meta-data-warehouse add-fact-grain --id SalesOrderLineGrain --fact SalesOrder --name SalesOrderLine --description One-row-per-sales-order-line
OK: Added SalesOrderLineGrain to FactGrain

C:\Users\jimmy\Desktop\meta-bi\Samples\Demos\MetaDataWarehouseCliIntegration\MetaDataWarehouseCliIntegrationWorkspace>meta-data-warehouse add-fact-dimension --id SalesOrderOrderDate --fact SalesOrder --dimension Date --role-name OrderDate
OK: Added SalesOrderOrderDate to FactDimension

C:\Users\jimmy\Desktop\meta-bi\Samples\Demos\MetaDataWarehouseCliIntegration\MetaDataWarehouseCliIntegrationWorkspace>meta-data-warehouse add-fact-dimension --id SalesOrderShipDate --fact SalesOrder --dimension Date --role-name ShipDate --is-required false
OK: Added SalesOrderShipDate to FactDimension

C:\Users\jimmy\Desktop\meta-bi\Samples\Demos\MetaDataWarehouseCliIntegration\MetaDataWarehouseCliIntegrationWorkspace>meta-data-warehouse add-fact-dimension --id SalesOrderCustomer --fact SalesOrder --dimension Customer --role-name Customer
OK: Added SalesOrderCustomer to FactDimension

C:\Users\jimmy\Desktop\meta-bi\Samples\Demos\MetaDataWarehouseCliIntegration\MetaDataWarehouseCliIntegrationWorkspace>meta-data-warehouse add-fact-dimension --id SalesOrderProduct --fact SalesOrder --dimension Product --role-name Product
OK: Added SalesOrderProduct to FactDimension

C:\Users\jimmy\Desktop\meta-bi\Samples\Demos\MetaDataWarehouseCliIntegration\MetaDataWarehouseCliIntegrationWorkspace>meta-data-warehouse add-degenerate-dimension --id SalesOrderNumber --fact SalesOrder --name OrderNumber --data-type-id meta:type:String
OK: Added SalesOrderNumber to DegenerateDimension

C:\Users\jimmy\Desktop\meta-bi\Samples\Demos\MetaDataWarehouseCliIntegration\MetaDataWarehouseCliIntegrationWorkspace>meta-data-warehouse add-fact-measure --id SalesQuantity --fact SalesOrder --name Quantity --data-type-id meta:type:Int32
OK: Added SalesQuantity to FactMeasure

C:\Users\jimmy\Desktop\meta-bi\Samples\Demos\MetaDataWarehouseCliIntegration\MetaDataWarehouseCliIntegrationWorkspace>meta-data-warehouse add-fact-measure --id SalesAmount --fact SalesOrder --name SalesAmount --data-type-id meta:type:Decimal
OK: Added SalesAmount to FactMeasure

C:\Users\jimmy\Desktop\meta-bi\Samples\Demos\MetaDataWarehouseCliIntegration\MetaDataWarehouseCliIntegrationWorkspace>meta-convert data-warehouse-to-sql --workspace . --implementation-workspace ..\..\..\..\MetaDataWarehouse\Workspaces\MetaDataWarehouseImplementation --database-name DataWarehouseCliIntegration --out CurrentMetaSqlWorkspace
OK: Generated CurrentMetaSqlWorkspace

C:\Users\jimmy\Desktop\meta-bi\Samples\Demos\MetaDataWarehouseCliIntegration\MetaDataWarehouseCliIntegrationWorkspace>if errorlevel 1 exit /b 1

C:\Users\jimmy\Desktop\meta-bi\Samples\Demos\MetaDataWarehouseCliIntegration\MetaDataWarehouseCliIntegrationWorkspace>meta-sql deploy-plan --source-workspace CurrentMetaSqlWorkspace --connection-env META_BI_DW_SQL --out MetaSqlDeployManifest
OK: Created deploy plan
Status: ready to deploy
Changes: 17 to add (1 schema, 4 tables, 4 primary keys, 4 foreign keys, 4 indexes)

C:\Users\jimmy\Desktop\meta-bi\Samples\Demos\MetaDataWarehouseCliIntegration\MetaDataWarehouseCliIntegrationWorkspace>if errorlevel 1 exit /b 1

C:\Users\jimmy\Desktop\meta-bi\Samples\Demos\MetaDataWarehouseCliIntegration\MetaDataWarehouseCliIntegrationWorkspace>meta-sql deploy --manifest-workspace MetaSqlDeployManifest --source-workspace CurrentMetaSqlWorkspace --connection-env META_BI_DW_SQL
OK: Deployed changes
Database: created
Deployed: 17 added (1 schema, 4 tables, 4 primary keys, 4 foreign keys, 4 indexes)

C:\Users\jimmy\Desktop\meta-bi\Samples\Demos\MetaDataWarehouseCliIntegration\MetaDataWarehouseCliIntegrationWorkspace>if errorlevel 1 exit /b 1

C:\Users\jimmy\Desktop\meta-bi\Samples\Demos\MetaDataWarehouseCliIntegration\MetaDataWarehouseCliIntegrationWorkspace>meta-sql deploy-plan --source-workspace CurrentMetaSqlWorkspace --connection-env META_BI_DW_SQL --out MetaSqlVerifyManifest
OK: Created deploy plan
Status: ready to deploy
Changes: none

C:\Users\jimmy\Desktop\meta-bi\Samples\Demos\MetaDataWarehouseCliIntegration\MetaDataWarehouseCliIntegrationWorkspace>if errorlevel 1 exit /b 1

C:\Users\jimmy\Desktop\meta-bi\Samples\Demos\MetaDataWarehouseCliIntegration\MetaDataWarehouseCliIntegrationWorkspace>popd
