
C:\Users\jimmy\Desktop\meta-bi\Samples\Demos\MetaTransformScriptCliIntegration>call cleanup.cmd  1>nul 2>&1

C:\Users\jimmy\Desktop\meta-bi\Samples\Demos\MetaTransformScriptCliIntegration>meta-transform-script from sql-file --path SourceViews\001_customer_order_summary\view.sql --target sales.CustomerOrderSummary --new-workspace MetaTransformScriptCliIntegrationWorkspace
OK: Created MetaTransformScriptCliIntegrationWorkspace
Import:
  Scripts: 1

C:\Users\jimmy\Desktop\meta-bi\Samples\Demos\MetaTransformScriptCliIntegration>meta-transform-script from sql-file --path SourceViews\002_invoice_window\view.sql --target reporting.InvoiceWindow --workspace MetaTransformScriptCliIntegrationWorkspace
OK: Updated MetaTransformScriptCliIntegrationWorkspace
Import:
  Added: 1
  Scripts: 2

C:\Users\jimmy\Desktop\meta-bi\Samples\Demos\MetaTransformScriptCliIntegration>pushd MetaTransformScriptCliIntegrationWorkspace

C:\Users\jimmy\Desktop\meta-bi\Samples\Demos\MetaTransformScriptCliIntegration\MetaTransformScriptCliIntegrationWorkspace>meta-transform-script to sql-path --out ..\RoundTrippedViews
OK: Exported 2 transform scripts
Output:
  Scripts: 2
  Path: C:\Users\jimmy\Desktop\meta-bi\Samples\Demos\MetaTransformScriptCliIntegration\RoundTrippedViews

C:\Users\jimmy\Desktop\meta-bi\Samples\Demos\MetaTransformScriptCliIntegration\MetaTransformScriptCliIntegrationWorkspace>meta-transform-script to sql-path --out ..\RoundTrippedViews.sql
OK: Exported 2 transform scripts
Output:
  Scripts: 2
  Path: C:\Users\jimmy\Desktop\meta-bi\Samples\Demos\MetaTransformScriptCliIntegration\RoundTrippedViews.sql

C:\Users\jimmy\Desktop\meta-bi\Samples\Demos\MetaTransformScriptCliIntegration\MetaTransformScriptCliIntegrationWorkspace>meta-transform-script to sql-code --name sales.CustomerOrderSummary
WITH CompletedOrders AS (SELECT
    c.CustomerId,
    c.CustomerName,
    o.OrderId,
    o.Amount
FROM sales.Customer AS c
INNER JOIN sales.[Order] AS o
    ON o.CustomerId = c.CustomerId
WHERE o.Status = 'Completed')
SELECT
    CompletedOrders.CustomerId,
    CompletedOrders.CustomerName,
    COUNT(*) AS OrderCount,
    SUM(CompletedOrders.Amount) AS TotalAmount
FROM CompletedOrders
GROUP BY CompletedOrders.CustomerId, CompletedOrders.CustomerName

C:\Users\jimmy\Desktop\meta-bi\Samples\Demos\MetaTransformScriptCliIntegration\MetaTransformScriptCliIntegrationWorkspace>popd

C:\Users\jimmy\Desktop\meta-bi\Samples\Demos\MetaTransformScriptCliIntegration>meta-transform-script from sql-file --path RoundTrippedViews\view.sql --target sales.CustomerOrderSummary --new-workspace MetaTransformScriptRoundTripWorkspace
OK: Created MetaTransformScriptRoundTripWorkspace
Import:
  Scripts: 1

C:\Users\jimmy\Desktop\meta-bi\Samples\Demos\MetaTransformScriptCliIntegration>meta-transform-script from sql-file --path RoundTrippedViews\view_2.sql --target reporting.InvoiceWindow --workspace MetaTransformScriptRoundTripWorkspace
OK: Updated MetaTransformScriptRoundTripWorkspace
Import:
  Added: 1
  Scripts: 2

C:\Users\jimmy\Desktop\meta-bi\Samples\Demos\MetaTransformScriptCliIntegration>pushd MetaTransformScriptRoundTripWorkspace

C:\Users\jimmy\Desktop\meta-bi\Samples\Demos\MetaTransformScriptCliIntegration\MetaTransformScriptRoundTripWorkspace>meta-transform-script to sql-code --name reporting.InvoiceWindow
SELECT
    i.CustomerId,
    i.InvoiceId,
    i.InvoiceDate,
    SUM(i.Amount) OVER (PARTITION BY i.CustomerId ORDER BY i.InvoiceDate ROWS BETWEEN UNBOUNDED PRECEDING AND CURRENT ROW) AS RunningAmount,
    ROW_NUMBER() OVER (PARTITION BY i.CustomerId ORDER BY i.InvoiceDate DESC, i.InvoiceId DESC) AS InvoiceSequence
FROM sales.Invoice AS i

C:\Users\jimmy\Desktop\meta-bi\Samples\Demos\MetaTransformScriptCliIntegration\MetaTransformScriptRoundTripWorkspace>popd
